// Jest Snapshot v1, https://goo.gl/fbAQLP

exports[`<ProjectView /> config mode views renders correctly 1`] = `
ShallowWrapper {
  "length": 1,
  Symbol(enzyme.__root__): [Circular],
  Symbol(enzyme.__unrendered__): <ProjectView
    backend="test"
    clientId="test"
    frontend="test"
    isLocal={true}
    manifest="test"
    name="test"
    ownerName="test"
    secret="test"
    version="test"
/>,
  Symbol(enzyme.__renderer__): Object {
    "batchedUpdates": [Function],
    "getNode": [Function],
    "render": [Function],
    "simulateEvent": [Function],
    "unmount": [Function],
  },
  Symbol(enzyme.__node__): Object {
    "instance": null,
    "key": undefined,
    "nodeType": "host",
    "props": Object {
      "children": Array [
        <div
          className="project-view__state-value"
>
          <label
                    className="props-value__label"
          >
                     Is Local 
          </label>
          <input
                    checked={true}
                    className="props-value__input"
                    disabled={true}
                    name="isLocal"
                    type="checkbox"
          />
</div>,
        <div
          className="project-view__state-value"
>
          <label
                    className="props-value__label"
          >
                     Name 
          </label>
          <input
                    className="props-value__input"
                    disabled={true}
                    name="name"
                    type="text"
                    value="test"
          />
</div>,
        <div
          className="project-view__state-value"
>
          <label
                    className="props-value__label"
          >
                     Owner Name 
          </label>
          <input
                    className="props-value__input"
                    disabled={true}
                    name="ownerName"
                    type="text"
                    value="test"
          />
</div>,
        <div
          className="project-view__state-value"
>
          <label
                    className="props-value__label"
          >
                     Client ID 
          </label>
          <input
                    className="props-value__input"
                    disabled={true}
                    name="clientId"
                    type="text"
                    value="test"
          />
</div>,
        <div
          className="project-view__state-value"
>
          <label
                    className="props-value__label"
          >
                     Version 
          </label>
          <input
                    className="props-value__input"
                    disabled={true}
                    name="version"
                    type="text"
                    value="test"
          />
</div>,
        <div
          className="project-view__state-value"
>
          <label
                    className="props-value__label"
          >
                     Front-end Directory 
          </label>
          <input
                    className="props-value__input"
                    disabled={true}
                    name="frontend"
                    type="text"
                    value="test"
          />
</div>,
        <div
          className="project-view__state-value"
>
          <label
                    className="props-value__label"
          >
                     Back-end File 
          </label>
          <input
                    className="props-value__input"
                    disabled={true}
                    name="backend"
                    type="text"
                    value="test"
          />
</div>,
        <div
          className="project-view__state-value"
>
          <label
                    className="props-value__label"
          >
                     Secret 
          </label>
          <input
                    className="props-value__input"
                    disabled={true}
                    name="secret"
                    type="text"
                    value="test"
          />
</div>,
        <div
          className="project-view__state-value"
>
          <label
                    className="props-value__label"
          >
                     Manifest 
          </label>
          <textarea
                    className="props-value__input"
                    disabled={true}
                    name="manifest"
                    value="\\"test\\""
          />
</div>,
        <div
          className="project-view__state-value"
>
          <button
                    onClick={[Function]}
          >
                    Edit
          </button>
</div>,
      ],
      "className": "project-view__content",
    },
    "ref": null,
    "rendered": Array [
      Object {
        "instance": null,
        "key": undefined,
        "nodeType": "host",
        "props": Object {
          "children": Array [
            <label
              className="props-value__label"
>
               Is Local 
</label>,
            <input
              checked={true}
              className="props-value__input"
              disabled={true}
              name="isLocal"
              type="checkbox"
/>,
          ],
          "className": "project-view__state-value",
        },
        "ref": null,
        "rendered": Array [
          Object {
            "instance": null,
            "key": undefined,
            "nodeType": "host",
            "props": Object {
              "children": " Is Local ",
              "className": "props-value__label",
            },
            "ref": null,
            "rendered": " Is Local ",
            "type": "label",
          },
          Object {
            "instance": null,
            "key": undefined,
            "nodeType": "host",
            "props": Object {
              "checked": true,
              "className": "props-value__input",
              "disabled": true,
              "name": "isLocal",
              "type": "checkbox",
            },
            "ref": null,
            "rendered": null,
            "type": "input",
          },
        ],
        "type": "div",
      },
      Object {
        "instance": null,
        "key": undefined,
        "nodeType": "host",
        "props": Object {
          "children": Array [
            <label
              className="props-value__label"
>
               Name 
</label>,
            <input
              className="props-value__input"
              disabled={true}
              name="name"
              type="text"
              value="test"
/>,
          ],
          "className": "project-view__state-value",
        },
        "ref": null,
        "rendered": Array [
          Object {
            "instance": null,
            "key": undefined,
            "nodeType": "host",
            "props": Object {
              "children": " Name ",
              "className": "props-value__label",
            },
            "ref": null,
            "rendered": " Name ",
            "type": "label",
          },
          Object {
            "instance": null,
            "key": undefined,
            "nodeType": "host",
            "props": Object {
              "className": "props-value__input",
              "disabled": true,
              "name": "name",
              "type": "text",
              "value": "test",
            },
            "ref": null,
            "rendered": null,
            "type": "input",
          },
        ],
        "type": "div",
      },
      Object {
        "instance": null,
        "key": undefined,
        "nodeType": "host",
        "props": Object {
          "children": Array [
            <label
              className="props-value__label"
>
               Owner Name 
</label>,
            <input
              className="props-value__input"
              disabled={true}
              name="ownerName"
              type="text"
              value="test"
/>,
          ],
          "className": "project-view__state-value",
        },
        "ref": null,
        "rendered": Array [
          Object {
            "instance": null,
            "key": undefined,
            "nodeType": "host",
            "props": Object {
              "children": " Owner Name ",
              "className": "props-value__label",
            },
            "ref": null,
            "rendered": " Owner Name ",
            "type": "label",
          },
          Object {
            "instance": null,
            "key": undefined,
            "nodeType": "host",
            "props": Object {
              "className": "props-value__input",
              "disabled": true,
              "name": "ownerName",
              "type": "text",
              "value": "test",
            },
            "ref": null,
            "rendered": null,
            "type": "input",
          },
        ],
        "type": "div",
      },
      Object {
        "instance": null,
        "key": undefined,
        "nodeType": "host",
        "props": Object {
          "children": Array [
            <label
              className="props-value__label"
>
               Client ID 
</label>,
            <input
              className="props-value__input"
              disabled={true}
              name="clientId"
              type="text"
              value="test"
/>,
          ],
          "className": "project-view__state-value",
        },
        "ref": null,
        "rendered": Array [
          Object {
            "instance": null,
            "key": undefined,
            "nodeType": "host",
            "props": Object {
              "children": " Client ID ",
              "className": "props-value__label",
            },
            "ref": null,
            "rendered": " Client ID ",
            "type": "label",
          },
          Object {
            "instance": null,
            "key": undefined,
            "nodeType": "host",
            "props": Object {
              "className": "props-value__input",
              "disabled": true,
              "name": "clientId",
              "type": "text",
              "value": "test",
            },
            "ref": null,
            "rendered": null,
            "type": "input",
          },
        ],
        "type": "div",
      },
      Object {
        "instance": null,
        "key": undefined,
        "nodeType": "host",
        "props": Object {
          "children": Array [
            <label
              className="props-value__label"
>
               Version 
</label>,
            <input
              className="props-value__input"
              disabled={true}
              name="version"
              type="text"
              value="test"
/>,
          ],
          "className": "project-view__state-value",
        },
        "ref": null,
        "rendered": Array [
          Object {
            "instance": null,
            "key": undefined,
            "nodeType": "host",
            "props": Object {
              "children": " Version ",
              "className": "props-value__label",
            },
            "ref": null,
            "rendered": " Version ",
            "type": "label",
          },
          Object {
            "instance": null,
            "key": undefined,
            "nodeType": "host",
            "props": Object {
              "className": "props-value__input",
              "disabled": true,
              "name": "version",
              "type": "text",
              "value": "test",
            },
            "ref": null,
            "rendered": null,
            "type": "input",
          },
        ],
        "type": "div",
      },
      Object {
        "instance": null,
        "key": undefined,
        "nodeType": "host",
        "props": Object {
          "children": Array [
            <label
              className="props-value__label"
>
               Front-end Directory 
</label>,
            <input
              className="props-value__input"
              disabled={true}
              name="frontend"
              type="text"
              value="test"
/>,
          ],
          "className": "project-view__state-value",
        },
        "ref": null,
        "rendered": Array [
          Object {
            "instance": null,
            "key": undefined,
            "nodeType": "host",
            "props": Object {
              "children": " Front-end Directory ",
              "className": "props-value__label",
            },
            "ref": null,
            "rendered": " Front-end Directory ",
            "type": "label",
          },
          Object {
            "instance": null,
            "key": undefined,
            "nodeType": "host",
            "props": Object {
              "className": "props-value__input",
              "disabled": true,
              "name": "frontend",
              "type": "text",
              "value": "test",
            },
            "ref": null,
            "rendered": null,
            "type": "input",
          },
        ],
        "type": "div",
      },
      Object {
        "instance": null,
        "key": undefined,
        "nodeType": "host",
        "props": Object {
          "children": Array [
            <label
              className="props-value__label"
>
               Back-end File 
</label>,
            <input
              className="props-value__input"
              disabled={true}
              name="backend"
              type="text"
              value="test"
/>,
          ],
          "className": "project-view__state-value",
        },
        "ref": null,
        "rendered": Array [
          Object {
            "instance": null,
            "key": undefined,
            "nodeType": "host",
            "props": Object {
              "children": " Back-end File ",
              "className": "props-value__label",
            },
            "ref": null,
            "rendered": " Back-end File ",
            "type": "label",
          },
          Object {
            "instance": null,
            "key": undefined,
            "nodeType": "host",
            "props": Object {
              "className": "props-value__input",
              "disabled": true,
              "name": "backend",
              "type": "text",
              "value": "test",
            },
            "ref": null,
            "rendered": null,
            "type": "input",
          },
        ],
        "type": "div",
      },
      Object {
        "instance": null,
        "key": undefined,
        "nodeType": "host",
        "props": Object {
          "children": Array [
            <label
              className="props-value__label"
>
               Secret 
</label>,
            <input
              className="props-value__input"
              disabled={true}
              name="secret"
              type="text"
              value="test"
/>,
          ],
          "className": "project-view__state-value",
        },
        "ref": null,
        "rendered": Array [
          Object {
            "instance": null,
            "key": undefined,
            "nodeType": "host",
            "props": Object {
              "children": " Secret ",
              "className": "props-value__label",
            },
            "ref": null,
            "rendered": " Secret ",
            "type": "label",
          },
          Object {
            "instance": null,
            "key": undefined,
            "nodeType": "host",
            "props": Object {
              "className": "props-value__input",
              "disabled": true,
              "name": "secret",
              "type": "text",
              "value": "test",
            },
            "ref": null,
            "rendered": null,
            "type": "input",
          },
        ],
        "type": "div",
      },
      Object {
        "instance": null,
        "key": undefined,
        "nodeType": "host",
        "props": Object {
          "children": Array [
            <label
              className="props-value__label"
>
               Manifest 
</label>,
            <textarea
              className="props-value__input"
              disabled={true}
              name="manifest"
              value="\\"test\\""
/>,
          ],
          "className": "project-view__state-value",
        },
        "ref": null,
        "rendered": Array [
          Object {
            "instance": null,
            "key": undefined,
            "nodeType": "host",
            "props": Object {
              "children": " Manifest ",
              "className": "props-value__label",
            },
            "ref": null,
            "rendered": " Manifest ",
            "type": "label",
          },
          Object {
            "instance": null,
            "key": undefined,
            "nodeType": "host",
            "props": Object {
              "className": "props-value__input",
              "disabled": true,
              "name": "manifest",
              "value": "\\"test\\"",
            },
            "ref": null,
            "rendered": null,
            "type": "textarea",
          },
        ],
        "type": "div",
      },
      Object {
        "instance": null,
        "key": undefined,
        "nodeType": "host",
        "props": Object {
          "children": <button
            onClick={[Function]}
>
            Edit
</button>,
          "className": "project-view__state-value",
        },
        "ref": null,
        "rendered": Object {
          "instance": null,
          "key": undefined,
          "nodeType": "host",
          "props": Object {
            "children": "Edit",
            "onClick": [Function],
          },
          "ref": null,
          "rendered": "Edit",
          "type": "button",
        },
        "type": "div",
      },
    ],
    "type": "div",
  },
  Symbol(enzyme.__nodes__): Array [
    Object {
      "instance": null,
      "key": undefined,
      "nodeType": "host",
      "props": Object {
        "children": Array [
          <div
            className="project-view__state-value"
>
            <label
                        className="props-value__label"
            >
                         Is Local 
            </label>
            <input
                        checked={true}
                        className="props-value__input"
                        disabled={true}
                        name="isLocal"
                        type="checkbox"
            />
</div>,
          <div
            className="project-view__state-value"
>
            <label
                        className="props-value__label"
            >
                         Name 
            </label>
            <input
                        className="props-value__input"
                        disabled={true}
                        name="name"
                        type="text"
                        value="test"
            />
</div>,
          <div
            className="project-view__state-value"
>
            <label
                        className="props-value__label"
            >
                         Owner Name 
            </label>
            <input
                        className="props-value__input"
                        disabled={true}
                        name="ownerName"
                        type="text"
                        value="test"
            />
</div>,
          <div
            className="project-view__state-value"
>
            <label
                        className="props-value__label"
            >
                         Client ID 
            </label>
            <input
                        className="props-value__input"
                        disabled={true}
                        name="clientId"
                        type="text"
                        value="test"
            />
</div>,
          <div
            className="project-view__state-value"
>
            <label
                        className="props-value__label"
            >
                         Version 
            </label>
            <input
                        className="props-value__input"
                        disabled={true}
                        name="version"
                        type="text"
                        value="test"
            />
</div>,
          <div
            className="project-view__state-value"
>
            <label
                        className="props-value__label"
            >
                         Front-end Directory 
            </label>
            <input
                        className="props-value__input"
                        disabled={true}
                        name="frontend"
                        type="text"
                        value="test"
            />
</div>,
          <div
            className="project-view__state-value"
>
            <label
                        className="props-value__label"
            >
                         Back-end File 
            </label>
            <input
                        className="props-value__input"
                        disabled={true}
                        name="backend"
                        type="text"
                        value="test"
            />
</div>,
          <div
            className="project-view__state-value"
>
            <label
                        className="props-value__label"
            >
                         Secret 
            </label>
            <input
                        className="props-value__input"
                        disabled={true}
                        name="secret"
                        type="text"
                        value="test"
            />
</div>,
          <div
            className="project-view__state-value"
>
            <label
                        className="props-value__label"
            >
                         Manifest 
            </label>
            <textarea
                        className="props-value__input"
                        disabled={true}
                        name="manifest"
                        value="\\"test\\""
            />
</div>,
          <div
            className="project-view__state-value"
>
            <button
                        onClick={[Function]}
            >
                        Edit
            </button>
</div>,
        ],
        "className": "project-view__content",
      },
      "ref": null,
      "rendered": Array [
        Object {
          "instance": null,
          "key": undefined,
          "nodeType": "host",
          "props": Object {
            "children": Array [
              <label
                className="props-value__label"
>
                 Is Local 
</label>,
              <input
                checked={true}
                className="props-value__input"
                disabled={true}
                name="isLocal"
                type="checkbox"
/>,
            ],
            "className": "project-view__state-value",
          },
          "ref": null,
          "rendered": Array [
            Object {
              "instance": null,
              "key": undefined,
              "nodeType": "host",
              "props": Object {
                "children": " Is Local ",
                "className": "props-value__label",
              },
              "ref": null,
              "rendered": " Is Local ",
              "type": "label",
            },
            Object {
              "instance": null,
              "key": undefined,
              "nodeType": "host",
              "props": Object {
                "checked": true,
                "className": "props-value__input",
                "disabled": true,
                "name": "isLocal",
                "type": "checkbox",
              },
              "ref": null,
              "rendered": null,
              "type": "input",
            },
          ],
          "type": "div",
        },
        Object {
          "instance": null,
          "key": undefined,
          "nodeType": "host",
          "props": Object {
            "children": Array [
              <label
                className="props-value__label"
>
                 Name 
</label>,
              <input
                className="props-value__input"
                disabled={true}
                name="name"
                type="text"
                value="test"
/>,
            ],
            "className": "project-view__state-value",
          },
          "ref": null,
          "rendered": Array [
            Object {
              "instance": null,
              "key": undefined,
              "nodeType": "host",
              "props": Object {
                "children": " Name ",
                "className": "props-value__label",
              },
              "ref": null,
              "rendered": " Name ",
              "type": "label",
            },
            Object {
              "instance": null,
              "key": undefined,
              "nodeType": "host",
              "props": Object {
                "className": "props-value__input",
                "disabled": true,
                "name": "name",
                "type": "text",
                "value": "test",
              },
              "ref": null,
              "rendered": null,
              "type": "input",
            },
          ],
          "type": "div",
        },
        Object {
          "instance": null,
          "key": undefined,
          "nodeType": "host",
          "props": Object {
            "children": Array [
              <label
                className="props-value__label"
>
                 Owner Name 
</label>,
              <input
                className="props-value__input"
                disabled={true}
                name="ownerName"
                type="text"
                value="test"
/>,
            ],
            "className": "project-view__state-value",
          },
          "ref": null,
          "rendered": Array [
            Object {
              "instance": null,
              "key": undefined,
              "nodeType": "host",
              "props": Object {
                "children": " Owner Name ",
                "className": "props-value__label",
              },
              "ref": null,
              "rendered": " Owner Name ",
              "type": "label",
            },
            Object {
              "instance": null,
              "key": undefined,
              "nodeType": "host",
              "props": Object {
                "className": "props-value__input",
                "disabled": true,
                "name": "ownerName",
                "type": "text",
                "value": "test",
              },
              "ref": null,
              "rendered": null,
              "type": "input",
            },
          ],
          "type": "div",
        },
        Object {
          "instance": null,
          "key": undefined,
          "nodeType": "host",
          "props": Object {
            "children": Array [
              <label
                className="props-value__label"
>
                 Client ID 
</label>,
              <input
                className="props-value__input"
                disabled={true}
                name="clientId"
                type="text"
                value="test"
/>,
            ],
            "className": "project-view__state-value",
          },
          "ref": null,
          "rendered": Array [
            Object {
              "instance": null,
              "key": undefined,
              "nodeType": "host",
              "props": Object {
                "children": " Client ID ",
                "className": "props-value__label",
              },
              "ref": null,
              "rendered": " Client ID ",
              "type": "label",
            },
            Object {
              "instance": null,
              "key": undefined,
              "nodeType": "host",
              "props": Object {
                "className": "props-value__input",
                "disabled": true,
                "name": "clientId",
                "type": "text",
                "value": "test",
              },
              "ref": null,
              "rendered": null,
              "type": "input",
            },
          ],
          "type": "div",
        },
        Object {
          "instance": null,
          "key": undefined,
          "nodeType": "host",
          "props": Object {
            "children": Array [
              <label
                className="props-value__label"
>
                 Version 
</label>,
              <input
                className="props-value__input"
                disabled={true}
                name="version"
                type="text"
                value="test"
/>,
            ],
            "className": "project-view__state-value",
          },
          "ref": null,
          "rendered": Array [
            Object {
              "instance": null,
              "key": undefined,
              "nodeType": "host",
              "props": Object {
                "children": " Version ",
                "className": "props-value__label",
              },
              "ref": null,
              "rendered": " Version ",
              "type": "label",
            },
            Object {
              "instance": null,
              "key": undefined,
              "nodeType": "host",
              "props": Object {
                "className": "props-value__input",
                "disabled": true,
                "name": "version",
                "type": "text",
                "value": "test",
              },
              "ref": null,
              "rendered": null,
              "type": "input",
            },
          ],
          "type": "div",
        },
        Object {
          "instance": null,
          "key": undefined,
          "nodeType": "host",
          "props": Object {
            "children": Array [
              <label
                className="props-value__label"
>
                 Front-end Directory 
</label>,
              <input
                className="props-value__input"
                disabled={true}
                name="frontend"
                type="text"
                value="test"
/>,
            ],
            "className": "project-view__state-value",
          },
          "ref": null,
          "rendered": Array [
            Object {
              "instance": null,
              "key": undefined,
              "nodeType": "host",
              "props": Object {
                "children": " Front-end Directory ",
                "className": "props-value__label",
              },
              "ref": null,
              "rendered": " Front-end Directory ",
              "type": "label",
            },
            Object {
              "instance": null,
              "key": undefined,
              "nodeType": "host",
              "props": Object {
                "className": "props-value__input",
                "disabled": true,
                "name": "frontend",
                "type": "text",
                "value": "test",
              },
              "ref": null,
              "rendered": null,
              "type": "input",
            },
          ],
          "type": "div",
        },
        Object {
          "instance": null,
          "key": undefined,
          "nodeType": "host",
          "props": Object {
            "children": Array [
              <label
                className="props-value__label"
>
                 Back-end File 
</label>,
              <input
                className="props-value__input"
                disabled={true}
                name="backend"
                type="text"
                value="test"
/>,
            ],
            "className": "project-view__state-value",
          },
          "ref": null,
          "rendered": Array [
            Object {
              "instance": null,
              "key": undefined,
              "nodeType": "host",
              "props": Object {
                "children": " Back-end File ",
                "className": "props-value__label",
              },
              "ref": null,
              "rendered": " Back-end File ",
              "type": "label",
            },
            Object {
              "instance": null,
              "key": undefined,
              "nodeType": "host",
              "props": Object {
                "className": "props-value__input",
                "disabled": true,
                "name": "backend",
                "type": "text",
                "value": "test",
              },
              "ref": null,
              "rendered": null,
              "type": "input",
            },
          ],
          "type": "div",
        },
        Object {
          "instance": null,
          "key": undefined,
          "nodeType": "host",
          "props": Object {
            "children": Array [
              <label
                className="props-value__label"
>
                 Secret 
</label>,
              <input
                className="props-value__input"
                disabled={true}
                name="secret"
                type="text"
                value="test"
/>,
            ],
            "className": "project-view__state-value",
          },
          "ref": null,
          "rendered": Array [
            Object {
              "instance": null,
              "key": undefined,
              "nodeType": "host",
              "props": Object {
                "children": " Secret ",
                "className": "props-value__label",
              },
              "ref": null,
              "rendered": " Secret ",
              "type": "label",
            },
            Object {
              "instance": null,
              "key": undefined,
              "nodeType": "host",
              "props": Object {
                "className": "props-value__input",
                "disabled": true,
                "name": "secret",
                "type": "text",
                "value": "test",
              },
              "ref": null,
              "rendered": null,
              "type": "input",
            },
          ],
          "type": "div",
        },
        Object {
          "instance": null,
          "key": undefined,
          "nodeType": "host",
          "props": Object {
            "children": Array [
              <label
                className="props-value__label"
>
                 Manifest 
</label>,
              <textarea
                className="props-value__input"
                disabled={true}
                name="manifest"
                value="\\"test\\""
/>,
            ],
            "className": "project-view__state-value",
          },
          "ref": null,
          "rendered": Array [
            Object {
              "instance": null,
              "key": undefined,
              "nodeType": "host",
              "props": Object {
                "children": " Manifest ",
                "className": "props-value__label",
              },
              "ref": null,
              "rendered": " Manifest ",
              "type": "label",
            },
            Object {
              "instance": null,
              "key": undefined,
              "nodeType": "host",
              "props": Object {
                "className": "props-value__input",
                "disabled": true,
                "name": "manifest",
                "value": "\\"test\\"",
              },
              "ref": null,
              "rendered": null,
              "type": "textarea",
            },
          ],
          "type": "div",
        },
        Object {
          "instance": null,
          "key": undefined,
          "nodeType": "host",
          "props": Object {
            "children": <button
              onClick={[Function]}
>
              Edit
</button>,
            "className": "project-view__state-value",
          },
          "ref": null,
          "rendered": Object {
            "instance": null,
            "key": undefined,
            "nodeType": "host",
            "props": Object {
              "children": "Edit",
              "onClick": [Function],
            },
            "ref": null,
            "rendered": "Edit",
            "type": "button",
          },
          "type": "div",
        },
      ],
      "type": "div",
    },
  ],
  Symbol(enzyme.__options__): Object {
    "adapter": ReactSixteenAdapter {
      "options": Object {
        "enableComponentDidUpdateOnSetState": true,
      },
    },
  },
}
`;
